
  .   ____          _            __ _ _
 /\\ / ___'_ __ _ _(_)_ __  __ _ \ \ \ \
( ( )\___ | '_ | '_| | '_ \/ _` | \ \ \ \
 \\/  ___)| |_)| | | | | || (_| |  ) ) ) )
  '  |____| .__|_| |_|_| |_\__, | / / / /
 =========|_|==============|___/=/_/_/_/

 :: Spring Boot ::                (v4.1.1)

2026-08-22T18:15:48.555-03:00  INFO 12108 --- [cidade-em-foco] [           main] b.c.c.CidadeEmFocoApplication            : Starting CidadeEmFocoApplication v0.0.1-SNAPSHOT using Java 24.0.1 with PID 12108 (C:\Users\David\Documents\GitHub\CidadeEmFoco\backend\target\cidade-em-foco-0.0.1-SNAPSHOT.jar started by David in C:\Users\David\Documents\GitHub\CidadeEmFoco\backend)
2026-08-22T18:15:48.561-03:00  INFO 12108 --- [cidade-em-foco] [           main] b.c.c.CidadeEmFocoApplication            : No active profile set, falling back to 1 default profile: "default"
2026-08-22T18:15:51.088-03:00  INFO 12108 --- [cidade-em-foco] [           main] .s.d.r.c.RepositoryConfigurationDelegate : Bootstrapping Spring Data JPA repositories in DEFAULT mode.
2026-08-22T18:15:51.206-03:00  INFO 12108 --- [cidade-em-foco] [           main] .s.d.r.c.RepositoryConfigurationDelegate : Finished Spring Data repository scanning in 100 ms. Found 3 JPA repository interfaces.
2026-08-22T18:16:00.752-03:00  INFO 12108 --- [cidade-em-foco] [           main] o.s.boot.tomcat.TomcatWebServer          : Tomcat initialized with port 8080 (http)
2026-08-22T18:16:00.783-03:00  INFO 12108 --- [cidade-em-foco] [           main] o.apache.catalina.core.StandardService   : Starting service [Tomcat]
2026-08-22T18:16:00.784-03:00  INFO 12108 --- [cidade-em-foco] [           main] o.apache.catalina.core.StandardEngine    : Starting Servlet engine: [Apache Tomcat/11.0.24]
2026-08-22T18:16:00.839-03:00  INFO 12108 --- [cidade-em-foco] [           main] b.w.c.s.WebApplicationContextInitializer : Root WebApplicationContext: initialization completed in 12161 ms
2026-08-22T18:16:01.660-03:00  INFO 12108 --- [cidade-em-foco] [           main] com.zaxxer.hikari.HikariDataSource       : HikariPool-1 - Starting...
2026-08-22T18:16:02.533-03:00  INFO 12108 --- [cidade-em-foco] [           main] com.zaxxer.hikari.pool.HikariPool        : HikariPool-1 - Added connection com.mysql.cj.jdbc.ConnectionImpl@399af6dc
2026-08-22T18:16:02.537-03:00  INFO 12108 --- [cidade-em-foco] [           main] com.zaxxer.hikari.HikariDataSource       : HikariPool-1 - Start completed.
2026-08-22T18:16:02.595-03:00  INFO 12108 --- [cidade-em-foco] [           main] org.flywaydb.core.FlywayExecutor         : Database: jdbc:mysql://localhost:3306/cidade_em_foco?createDatabaseIfNotExist=true&serverTimezone=UTC (MySQL 8.4)
2026-08-22T18:16:02.737-03:00  INFO 12108 --- [cidade-em-foco] [           main] o.f.c.i.s.JdbcTableSchemaHistory         : Schema history table `cidade_em_foco`.`flyway_schema_history` does not exist yet
2026-08-22T18:16:02.743-03:00  INFO 12108 --- [cidade-em-foco] [           main] o.f.core.internal.command.DbValidate     : Successfully validated 1 migration (execution time 00:00.041s)
2026-08-22T18:16:02.799-03:00  INFO 12108 --- [cidade-em-foco] [           main] o.f.c.i.s.JdbcTableSchemaHistory         : Creating Schema History table `cidade_em_foco`.`flyway_schema_history` ...
2026-08-22T18:16:02.940-03:00  INFO 12108 --- [cidade-em-foco] [           main] o.f.core.internal.command.DbMigrate      : Current version of schema `cidade_em_foco`: << Empty Schema >>
2026-08-22T18:16:02.970-03:00  INFO 12108 --- [cidade-em-foco] [           main] o.f.core.internal.command.DbMigrate      : Migrating schema `cidade_em_foco` to version "1 - create initial schema"
2026-08-22T18:16:03.236-03:00  INFO 12108 --- [cidade-em-foco] [           main] o.f.core.internal.command.DbMigrate      : Successfully applied 1 migration to schema `cidade_em_foco`, now at version v1 (execution time 00:00.198s)
2026-08-22T18:16:03.528-03:00  INFO 12108 --- [cidade-em-foco] [           main] org.hibernate.orm.jpa                    : HHH008540: Processing PersistenceUnitInfo [name: default]
2026-08-22T18:16:03.683-03:00  INFO 12108 --- [cidade-em-foco] [           main] org.hibernate.orm.core                   : HHH000001: Hibernate ORM core version 7.4.5.Final
2026-08-22T18:16:04.873-03:00  INFO 12108 --- [cidade-em-foco] [           main] o.s.o.j.p.SpringPersistenceUnitInfo      : No LoadTimeWeaver setup: ignoring JPA class transformer
2026-08-22T18:16:05.016-03:00  INFO 12108 --- [cidade-em-foco] [           main] org.hibernate.orm.connections.pooling    : HHH10001005: Database info:
	Database JDBC URL [jdbc:mysql://localhost:3306/cidade_em_foco?createDatabaseIfNotExist=true&serverTimezone=UTC]
	Database driver: MySQL Connector/J
	Database dialect: MySQLDialect
	Database version: 8.4.9
	Default catalog/schema: cidade_em_foco/undefined
	Autocommit mode: undefined/unknown
	Isolation level: REPEATABLE_READ [default REPEATABLE_READ]
	JDBC fetch size: none
	Pool: DataSourceConnectionProvider
	Minimum pool size: undefined/unknown
	Maximum pool size: undefined/unknown
2026-08-22T18:16:06.632-03:00  INFO 12108 --- [cidade-em-foco] [           main] org.hibernate.orm.core                   : HHH000489: No JTA platform available (set 'hibernate.transaction.jta.platform' to enable JTA platform integration)
2026-08-22T18:16:06.704-03:00  INFO 12108 --- [cidade-em-foco] [           main] j.LocalContainerEntityManagerFactoryBean : Initialized JPA EntityManagerFactory for persistence unit 'default'
2026-08-22T18:16:06.848-03:00  INFO 12108 --- [cidade-em-foco] [           main] o.s.d.j.r.query.QueryEnhancerFactories   : Hibernate is in classpath; If applicable, HQL parser will be used.
2026-08-22T18:16:08.905-03:00  INFO 12108 --- [cidade-em-foco] [           main] r$InitializeUserDetailsManagerConfigurer : Global AuthenticationManager configured with UserDetailsService bean with name databaseUserDetailsService
2026-08-22T18:16:10.452-03:00  INFO 12108 --- [cidade-em-foco] [           main] o.s.boot.tomcat.TomcatWebServer          : Tomcat started on port 8080 (http) with context path '/'
2026-08-22T18:16:10.505-03:00  INFO 12108 --- [cidade-em-foco] [           main] b.c.c.CidadeEmFocoApplication            : Started CidadeEmFocoApplication in 23.003 seconds (process running for 24.125)
2026-08-22T18:16:10.510-03:00  WARN 12108 --- [cidade-em-foco] [           main] o.s.core.events.SpringDocAppInitializer  : SpringDoc /v3/api-docs endpoint is enabled by default. To disable it in production, set the property 'springdoc.api-docs.enabled=false'
2026-08-22T18:16:10.511-03:00  WARN 12108 --- [cidade-em-foco] [           main] o.s.core.events.SpringDocAppInitializer  : SpringDoc /swagger-ui.html endpoint is enabled by default. To disable it in production, set the property 'springdoc.swagger-ui.enabled=false'
2026-08-22T18:16:39.528-03:00  INFO 12108 --- [cidade-em-foco] [nio-8080-exec-2] o.a.c.c.C.[Tomcat].[localhost].[/]       : Initializing Spring DispatcherServlet 'dispatcherServlet'
2026-08-22T18:16:39.528-03:00  INFO 12108 --- [cidade-em-foco] [nio-8080-exec-2] o.s.web.servlet.DispatcherServlet        : Initializing Servlet 'dispatcherServlet'
2026-08-22T18:16:39.529-03:00  INFO 12108 --- [cidade-em-foco] [nio-8080-exec-2] o.s.web.servlet.DispatcherServlet        : Completed initialization in 1 ms
2026-08-22T18:18:16.099-03:00  INFO 12108 --- [cidade-em-foco] [io-8080-exec-10] o.springdoc.api.AbstractOpenApiResource  : Init duration for springdoc-openapi is: 817 ms
